line 2:44 extraneous input ':durative-action' expecting {':', ')'}
Started Grounding
Static Grounding Stats:
|V_b|=50
|V_n|=50
|A|=2025
|Asgn(A)|=0
Dynamic Grounding Stats:
|V_b|=50
|V_n|=50
|A|=1350
|Asgn(A)|=0
Ended Grounding: 442
Started Conversion to SMT at bound 1
Ended Conversion to SMT at bound 1: 6308
Bound 1 - Vars = 3525
Bound 1 - Rules = 42601
Bound 1 - Avg Rule Length = 5.2
Bound 1 - Pattern Length = 1350
Calls to Solver: 0
Started Solving Bound 1
Ended Solving Bound 1: 68582
Bound: 1
(0.001:uncap-cap b1) [5]
(0.001:uncap-cap b10) [5]
(0.001:uncap-cap b11) [5]
(0.001:uncap-cap b12) [5]
(0.001:uncap-cap b13) [5]
(0.001:uncap-cap b14) [5]
(0.001:uncap-cap b15) [5]
(0.001:uncap-cap b16) [5]
(0.001:uncap-cap b17) [5]
(0.001:uncap-cap b18) [5]
(0.001:uncap-cap b19) [5]
(0.001:uncap-cap b2) [5]
(0.001:uncap-cap b20) [5]
(0.001:uncap-cap b21) [5]
(0.001:uncap-cap b22) [5]
(0.001:uncap-cap b23) [5]
(0.001:uncap-cap b25) [5]
(0.001:uncap-cap b26) [5]
(0.001:uncap-cap b27) [5]
(0.001:uncap-cap b28) [5]
(0.001:uncap-cap b29) [5]
(0.001:uncap-cap b3) [5]
(0.001:uncap-cap b30) [5]
(0.001:uncap-cap b31) [5]
(0.001:uncap-cap b32) [5]
(0.001:uncap-cap b33) [5]
(0.001:uncap-cap b34) [5]
(0.001:uncap-cap b35) [5]
(0.001:uncap-cap b36) [5]
(0.001:uncap-cap b37) [5]
(0.001:uncap-cap b38) [5]
(0.001:uncap-cap b39) [5]
(0.001:uncap-cap b4) [5]
(0.001:uncap-cap b40) [5]
(0.001:uncap-cap b41) [5]
(0.001:uncap-cap b42) [5]
(0.001:uncap-cap b43) [5]
(0.001:uncap-cap b44) [5]
(0.001:uncap-cap b45) [5]
(0.001:uncap-cap b46) [5]
(0.001:uncap-cap b47) [5]
(0.001:uncap-cap b48) [5]
(0.001:uncap-cap b5) [5]
(0.001:uncap-cap b6) [5]
(0.001:uncap-cap b7) [5]
(0.001:uncap-cap b8) [5]
(0.001:uncap-cap b9) [5]
(0.002:pour b1 b28) [1]
(0.002:pour b10 b29) [1]
(0.002:pour b11 b28) [1]
(0.002:pour b12 b26) [1]
(0.002:pour b13 b27) [1]
(0.002:pour b14 b33) [1]
(0.002:pour b15 b26) [1]
(0.002:pour b16 b27) [1]
(0.002:pour b17 b27) [1]
(0.002:pour b18 b28) [1]
(0.002:pour b19 b27) [1]
(0.002:pour b2 b28) [1]
(0.002:pour b20 b26) [1]
(0.002:pour b21 b28) [1]
(0.002:pour b22 b29) [1]
(0.002:pour b23 b39) [1]
(0.002:pour b25 b32) [1]
(0.002:pour b3 b34) [1]
(0.002:pour b4 b27) [1]
(0.002:pour b5 b30) [1]
(0.002:pour b6 b30) [1]
(0.002:pour b7 b27) [1]
(0.002:pour b8 b26) [1]
(0.002:pour b9 b27) [1]
(0.003:pour b1 b29) [1]
(0.003:pour b10 b30) [1]
(0.003:pour b14 b42) [1]
(0.003:pour b16 b31) [1]
(0.003:pour b18 b30) [1]
(0.003:pour b2 b29) [1]
(0.003:pour b20 b28) [1]
(0.003:pour b21 b29) [1]
(0.003:pour b22 b30) [1]
(0.003:pour b23 b41) [1]
(0.003:pour b25 b33) [1]
(0.003:pour b4 b35) [1]
(0.003:pour b5 b35) [1]
(0.003:pour b9 b28) [1]
(0.004:pour b1 b31) [1]
(0.004:pour b10 b32) [1]
(0.004:pour b14 b44) [1]
(0.004:pour b21 b33) [1]
(0.004:pour b22 b36) [1]
(0.004:pour b23 b42) [1]
(0.004:pour b4 b38) [1]
(0.004:pour b5 b38) [1]
(0.004:pour b9 b29) [1]
(0.005:pour b10 b33) [1]
(0.005:pour b14 b45) [1]
(0.005:pour b21 b36) [1]
(0.005:pour b22 b37) [1]
(0.005:pour b5 b39) [1]
(0.005:pour b9 b31) [1]
(0.006:pour b10 b38) [1]
(0.006:pour b21 b37) [1]
(0.006:pour b5 b43) [1]
(0.006:pour b9 b33) [1]
(0.007:pour b10 b41) [1]
(0.007:pour b5 b44) [1]
(0.007:pour b9 b36) [1]
(0.008:pour b5 b47) [1]
(0.008:pour b9 b37) [1]
(0.009:pour b5 b48) [1]
(0.009:pour b9 b48) [1]
(0.997:pour b18 b35) [1]
(0.99775:pour b1 b34) [1]
(0.998:pour b13 b36) [1]
(0.998:pour b15 b29) [1]
(0.998:pour b18 b41) [1]
(0.99875:pour b1 b36) [1]
(0.99875:pour b22 b38) [1]
(0.99875:pour b25 b37) [1]
(0.999:pour b13 b38) [1]
(0.999:pour b15 b31) [1]
(0.999:pour b18 b44) [1]
(0.999:pour b20 b40) [1]
(0.99975:pour b1 b37) [1]
(0.99975:pour b22 b39) [1]
(0.99975:pour b25 b38) [1]
(1:pour b13 b40) [1]
(1:pour b15 b34) [1]
(1:pour b20 b41) [1]
(1:pour b23 b45) [1]
(1:pour b4 b39) [1]
(1.00075:pour b1 b43) [1]
(1.00075:pour b22 b40) [1]
(1.00075:pour b25 b39) [1]
(1.001:uncap-cap b49) [5]
(1.001:pour b15 b38) [1]
(1.001:pour b20 b44) [1]
(1.001:pour b23 b48) [1]
(1.00175:pour b1 b46) [1]
(1.00175:pour b22 b43) [1]
(1.00175:pour b25 b42) [1]
(1.002:pour b11 b31) [1]
(1.002:pour b12 b26) [1]
(1.002:pour b17 b29) [1]
(1.002:pour b19 b27) [1]
(1.002:pour b3 b34) [1]
(1.002:pour b6 b34) [1]
(1.002:pour b7 b33) [1]
(1.002:pour b8 b26) [1]
(1.003:pour b16 b32) [1]
(1.003:pour b17 b30) [1]
(1.003:pour b2 b31) [1]
(1.004:pour b17 b32) [1]
(1.005:pour b14 b47) [1]
(1.005:pour b17 b37) [1]
(1.006:pour b21 b42) [1]
(1.998:uncap-cap b24) [5]
(1.998:uncap-cap b50) [5]
(1.999:pour b18 b50) [1]
(1.999:pour b24 b32) [1]
(2:pour b13 b43) [1]
(2:pour b4 b45) [1]
(2.001:pour b15 b41) [1]
(2.001:pour b20 b46) [1]
(2.001:pour b23 b49) [1]
(2.00175:pour b25 b44) [1]
(2.002:pour b11 b31) [1]
(2.002:pour b12 b26) [1]
(2.002:pour b19 b30) [1]
(2.002:pour b3 b35) [1]
(2.002:pour b6 b34) [1]
(2.002:pour b7 b33) [1]
(2.002:pour b8 b26) [1]
(2.00275:pour b25 b48) [1]
(2.003:pour b16 b32) [1]
(2.003:pour b2 b33) [1]
(2.003:pour b3 b36) [1]
(2.005:pour b14 b47) [1]
(2.005:pour b17 b40) [1]
(2.006:pour b21 b42) [1]
(2.999:pour b18 b50) [1]
(2.999:pour b24 b35) [1]
(2.99975:pour b3 b39) [1]
(3:pour b13 b43) [1]
(3:pour b24 b37) [1]
(3:pour b4 b45) [1]
(3.00075:pour b3 b40) [1]
(3.001:pour b10 b46) [1]
(3.001:pour b15 b41) [1]
(3.001:pour b17 b41) [1]
(3.001:pour b19 b32) [1]
(3.001:pour b20 b46) [1]
(3.001:pour b23 b49) [1]
(3.00175:pour b3 b47) [1]
(3.002:pour b11 b35) [1]
(3.002:pour b12 b28) [1]
(3.002:pour b19 b35) [1]
(3.002:pour b6 b39) [1]
(3.002:pour b7 b38) [1]
(3.002:pour b8 b31) [1]
(3.00275:pour b3 b49) [1]
(3.003:pour b11 b39) [1]
(3.003:pour b16 b37) [1]
(3.003:pour b19 b40) [1]
(3.003:pour b2 b34) [1]
(3.003:pour b6 b40) [1]
(3.003:pour b7 b47) [1]
(3.003:pour b8 b34) [1]
(3.004:pour b11 b40) [1]
(3.004:pour b16 b44) [1]
(3.004:pour b2 b35) [1]
(3.004:pour b7 b48) [1]
(3.004:pour b8 b36) [1]
(3.005:pour b11 b45) [1]
(3.005:pour b14 b48) [1]
(3.005:pour b16 b45) [1]
(3.005:pour b2 b36) [1]
(3.005:pour b7 b49) [1]
(3.005:pour b8 b43) [1]
(3.006:pour b11 b48) [1]
(3.006:pour b14 b50) [1]
(3.006:pour b7 b50) [1]
(3.006:pour b8 b45) [1]
(3.006:pour b21 b42) [1]
(3.998:pour b12 b30) [1]
(3.999:pour b12 b32) [1]
(3.999:pour b18 b50) [1]
(3.999:pour b24 b45) [1]
(3.999:pour b6 b43) [1]
(4:pour b12 b43) [1]
(4:pour b13 b44) [1]
(4:pour b19 b49) [1]
(4:pour b24 b46) [1]
(4:pour b4 b46) [1]
(4:pour b6 b44) [1]
(4.001:pour b10 b46) [1]
(4.001:pour b15 b41) [1]
(4.001:pour b20 b46) [1]
(4.001:pour b23 b49) [1]
(4.001:pour b12 b48) [1]
(4.001:pour b13 b47) [1]
(4.001:pour b16 b49) [1]
(4.001:pour b17 b42) [1]
(4.001:pour b19 b50) [1]
(4.001:pour b2 b42) [1]
(4.001:pour b24 b47) [1]
(4.001:pour b4 b50) [1]
(4.001:pour b6 b47) [1]
(5.001:pour b24 b49) [1]
(5.998:pour b24 b50) [1]

------
Max Rolling: 0
Distinct Actions: 226
------
Plan is valid
Grounding: 442ms
Overall: 76106ms

