line 2:44 extraneous input ':durative-action' expecting {':', ')'}
Started Grounding
Static Grounding Stats:
|V_b|=50
|V_n|=50
|A|=2025
|Asgn(A)|=0
Dynamic Grounding Stats:
|V_b|=50
|V_n|=50
|A|=1350
|Asgn(A)|=0
Ended Grounding: 429
Started Conversion to SMT at bound 1
Ended Conversion to SMT at bound 1: 5366
Bound 1 - Vars = 3525
Bound 1 - Rules = 42576
Bound 1 - Avg Rule Length = 5.19
Bound 1 - Pattern Length = 1350
Calls to Solver: 0
Started Solving Bound 1
Ended Solving Bound 1: 156811
Bound: 1
(0.001:uncap-cap b1) [5]
(0.001:uncap-cap b10) [5]
(0.001:uncap-cap b11) [5]
(0.001:uncap-cap b12) [5]
(0.001:uncap-cap b13) [5]
(0.001:uncap-cap b14) [5]
(0.001:uncap-cap b15) [5]
(0.001:uncap-cap b16) [5]
(0.001:uncap-cap b17) [5]
(0.001:uncap-cap b18) [5]
(0.001:uncap-cap b19) [5]
(0.001:uncap-cap b2) [5]
(0.001:uncap-cap b20) [5]
(0.001:uncap-cap b21) [5]
(0.001:uncap-cap b22) [5]
(0.001:uncap-cap b23) [5]
(0.001:uncap-cap b24) [5]
(0.001:uncap-cap b25) [5]
(0.001:uncap-cap b26) [5]
(0.001:uncap-cap b27) [5]
(0.001:uncap-cap b28) [5]
(0.001:uncap-cap b29) [5]
(0.001:uncap-cap b3) [5]
(0.001:uncap-cap b30) [5]
(0.001:uncap-cap b31) [5]
(0.001:uncap-cap b32) [5]
(0.001:uncap-cap b33) [5]
(0.001:uncap-cap b34) [5]
(0.001:uncap-cap b35) [5]
(0.001:uncap-cap b36) [5]
(0.001:uncap-cap b37) [5]
(0.001:uncap-cap b38) [5]
(0.001:uncap-cap b39) [5]
(0.001:uncap-cap b4) [5]
(0.001:uncap-cap b40) [5]
(0.001:uncap-cap b41) [5]
(0.001:uncap-cap b42) [5]
(0.001:uncap-cap b43) [5]
(0.001:uncap-cap b44) [5]
(0.001:uncap-cap b45) [5]
(0.001:uncap-cap b46) [5]
(0.001:uncap-cap b47) [5]
(0.001:uncap-cap b48) [5]
(0.001:uncap-cap b49) [5]
(0.001:uncap-cap b5) [5]
(0.001:uncap-cap b50) [5]
(0.001:uncap-cap b6) [5]
(0.001:uncap-cap b7) [5]
(0.001:uncap-cap b8) [5]
(0.001:uncap-cap b9) [5]
(0.002:pour b1 b26) [1]
(0.002:pour b10 b27) [1]
(0.002:pour b11 b28) [1]
(0.002:pour b12 b29) [1]
(0.002:pour b13 b36) [1]
(0.002:pour b14 b26) [1]
(0.002:pour b15 b27) [1]
(0.002:pour b16 b33) [1]
(0.002:pour b17 b34) [1]
(0.002:pour b18 b30) [1]
(0.002:pour b19 b29) [1]
(0.002:pour b2 b30) [1]
(0.002:pour b20 b28) [1]
(0.002:pour b21 b30) [1]
(0.002:pour b22 b27) [1]
(0.002:pour b23 b28) [1]
(0.002:pour b24 b29) [1]
(0.002:pour b25 b26) [1]
(0.002:pour b3 b27) [1]
(0.002:pour b4 b31) [1]
(0.002:pour b5 b35) [1]
(0.002:pour b6 b26) [1]
(0.002:pour b7 b26) [1]
(0.002:pour b8 b26) [1]
(0.002:pour b9 b26) [1]
(0.003:pour b1 b31) [1]
(0.003:pour b12 b34) [1]
(0.003:pour b13 b37) [1]
(0.003:pour b14 b28) [1]
(0.003:pour b15 b29) [1]
(0.003:pour b18 b37) [1]
(0.003:pour b2 b32) [1]
(0.003:pour b21 b31) [1]
(0.003:pour b23 b34) [1]
(0.003:pour b3 b30) [1]
(0.003:pour b4 b32) [1]
(0.003:pour b5 b37) [1]
(0.003:pour b8 b29) [1]
(0.003:pour b9 b34) [1]
(0.004:pour b1 b32) [1]
(0.004:pour b14 b31) [1]
(0.004:pour b15 b33) [1]
(0.004:pour b23 b36) [1]
(0.004:pour b4 b40) [1]
(0.004:pour b5 b45) [1]
(0.004:pour b8 b31) [1]
(0.004:pour b9 b35) [1]
(0.005:pour b1 b43) [1]
(0.005:pour b4 b41) [1]
(0.005:pour b5 b46) [1]
(0.006:pour b1 b44) [1]
(0.006:pour b4 b42) [1]
(0.007:pour b4 b45) [1]
(0.99875:pour b7 b27) [1]
(0.999:pour b2 b33) [1]
(0.99975:pour b7 b35) [1]
(1:pour b8 b32) [1]
(1.00075:pour b4 b46) [1]
(1.00075:pour b7 b39) [1]
(1.001:pour b25 b28) [1]
(1.001:pour b5 b47) [1]
(1.00175:pour b4 b50) [1]
(1.00175:pour b7 b41) [1]
(1.002:pour b10 b27) [1]
(1.002:pour b11 b28) [1]
(1.002:pour b16 b38) [1]
(1.002:pour b17 b34) [1]
(1.002:pour b19 b29) [1]
(1.002:pour b20 b37) [1]
(1.002:pour b22 b27) [1]
(1.002:pour b24 b29) [1]
(1.002:pour b25 b30) [1]
(1.002:pour b6 b26) [1]
(1.003:pour b12 b35) [1]
(1.003:pour b13 b38) [1]
(1.003:pour b16 b39) [1]
(1.003:pour b18 b40) [1]
(1.003:pour b20 b40) [1]
(1.003:pour b21 b39) [1]
(1.003:pour b25 b31) [1]
(1.003:pour b3 b33) [1]
(1.004:pour b12 b41) [1]
(1.004:pour b14 b36) [1]
(1.004:pour b15 b35) [1]
(1.004:pour b18 b41) [1]
(1.004:pour b20 b42) [1]
(1.004:pour b23 b38) [1]
(1.004:pour b9 b36) [1]
(1.005:pour b12 b43) [1]
(1.005:pour b18 b44) [1]
(1.999:pour b2 b36) [1]
(2:pour b8 b33) [1]
(2.001:pour b1 b48) [1]
(2.001:pour b5 b49) [1]
(2.001:pour b8 b43) [1]
(2.00175:pour b7 b43) [1]
(2.002:pour b10 b27) [1]
(2.002:pour b11 b28) [1]
(2.002:pour b17 b35) [1]
(2.002:pour b19 b29) [1]
(2.002:pour b22 b31) [1]
(2.002:pour b6 b31) [1]
(2.003:pour b13 b38) [1]
(2.003:pour b16 b40) [1]
(2.003:pour b17 b38) [1]
(2.003:pour b21 b39) [1]
(2.003:pour b25 b32) [1]
(2.003:pour b3 b33) [1]
(2.003:pour b6 b32) [1]
(2.004:pour b14 b36) [1]
(2.004:pour b15 b35) [1]
(2.004:pour b16 b42) [1]
(2.004:pour b17 b40) [1]
(2.004:pour b20 b43) [1]
(2.004:pour b23 b38) [1]
(2.004:pour b25 b39) [1]
(2.004:pour b6 b33) [1]
(2.004:pour b9 b36) [1]
(2.005:pour b12 b44) [1]
(2.005:pour b17 b41) [1]
(2.005:pour b18 b45) [1]
(2.005:pour b20 b45) [1]
(2.005:pour b25 b46) [1]
(2.005:pour b6 b36) [1]
(2.006:pour b20 b47) [1]
(2.006:pour b25 b49) [1]
(2.999:pour b2 b37) [1]
(2.999:pour b22 b38) [1]
(3:pour b16 b46) [1]
(3:pour b2 b39) [1]
(3:pour b22 b42) [1]
(3.00075:pour b17 b44) [1]
(3.00075:pour b6 b40) [1]
(3.001:pour b1 b48) [1]
(3.001:pour b12 b48) [1]
(3.001:pour b16 b48) [1]
(3.001:pour b18 b49) [1]
(3.001:pour b22 b45) [1]
(3.001:pour b5 b49) [1]
(3.001:pour b8 b45) [1]
(3.00175:pour b17 b45) [1]
(3.00175:pour b6 b50) [1]
(3.00175:pour b7 b44) [1]
(3.002:pour b10 b28) [1]
(3.002:pour b11 b39) [1]
(3.002:pour b19 b30) [1]
(3.002:pour b22 b47) [1]
(3.00275:pour b7 b47) [1]
(3.003:pour b10 b30) [1]
(3.003:pour b11 b42) [1]
(3.003:pour b13 b39) [1]
(3.003:pour b19 b32) [1]
(3.003:pour b21 b40) [1]
(3.003:pour b3 b34) [1]
(3.004:pour b10 b33) [1]
(3.004:pour b11 b44) [1]
(3.004:pour b14 b41) [1]
(3.004:pour b15 b37) [1]
(3.004:pour b19 b46) [1]
(3.004:pour b21 b47) [1]
(3.004:pour b23 b43) [1]
(3.004:pour b9 b37) [1]
(3.005:pour b11 b48) [1]
(3.005:pour b14 b42) [1]
(3.005:pour b15 b40) [1]
(3.005:pour b21 b48) [1]
(3.005:pour b23 b46) [1]
(3.006:pour b14 b44) [1]
(3.006:pour b23 b50) [1]
(3.996:pour b24 b30) [1]
(3.997:pour b24 b32) [1]
(3.998:pour b24 b34) [1]
(3.999:pour b13 b43) [1]
(3.999:pour b24 b37) [1]
(3.999:pour b3 b35) [1]
(4:pour b10 b34) [1]
(4:pour b13 b45) [1]
(4:pour b19 b47) [1]
(4:pour b2 b41) [1]
(4:pour b24 b42) [1]
(4:pour b3 b41) [1]
(4:pour b9 b42) [1]
(4.001:pour b1 b48) [1]
(4.001:pour b5 b49) [1]
(4.001:pour b10 b38) [1]
(4.001:pour b11 b50) [1]
(4.001:pour b12 b50) [1]
(4.001:pour b13 b47) [1]
(4.001:pour b15 b43) [1]
(4.001:pour b16 b49) [1]
(4.001:pour b18 b50) [1]
(4.001:pour b19 b50) [1]
(4.001:pour b2 b48) [1]
(4.001:pour b20 b49) [1]
(4.001:pour b21 b49) [1]
(4.001:pour b22 b50) [1]
(4.001:pour b24 b47) [1]
(4.001:pour b3 b46) [1]
(4.001:pour b8 b46) [1]
(4.001:pour b9 b44) [1]

------
Max Rolling: 0
Distinct Actions: 229
------
Plan is valid
Grounding: 429ms
Overall: 163348ms

