line 2:44 extraneous input ':durative-action' expecting {':', ')'}
Started Grounding
Static Grounding Stats:
|V_b|=50
|V_n|=50
|A|=2025
|Asgn(A)|=0
Dynamic Grounding Stats:
|V_b|=50
|V_n|=50
|A|=1350
|Asgn(A)|=0
Ended Grounding: 428
Started Conversion to SMT at bound 1
Ended Conversion to SMT at bound 1: 5496
Bound 1 - Vars = 3525
Bound 1 - Rules = 41976
Bound 1 - Avg Rule Length = 5.23
Bound 1 - Pattern Length = 1350
Calls to Solver: 0
Started Solving Bound 1
Ended Solving Bound 1: 120960
Bound: 1
(0.001:uncap-cap b1) [5]
(0.001:uncap-cap b10) [5]
(0.001:uncap-cap b11) [5]
(0.001:uncap-cap b12) [5]
(0.001:uncap-cap b13) [5]
(0.001:uncap-cap b14) [5]
(0.001:uncap-cap b15) [5]
(0.001:uncap-cap b16) [5]
(0.001:uncap-cap b17) [5]
(0.001:uncap-cap b18) [5]
(0.001:uncap-cap b19) [5]
(0.001:uncap-cap b2) [5]
(0.001:uncap-cap b20) [5]
(0.001:uncap-cap b21) [5]
(0.001:uncap-cap b22) [5]
(0.001:uncap-cap b23) [5]
(0.001:uncap-cap b24) [5]
(0.001:uncap-cap b25) [5]
(0.001:uncap-cap b26) [5]
(0.001:uncap-cap b27) [5]
(0.001:uncap-cap b28) [5]
(0.001:uncap-cap b29) [5]
(0.001:uncap-cap b3) [5]
(0.001:uncap-cap b30) [5]
(0.001:uncap-cap b31) [5]
(0.001:uncap-cap b32) [5]
(0.001:uncap-cap b33) [5]
(0.001:uncap-cap b34) [5]
(0.001:uncap-cap b35) [5]
(0.001:uncap-cap b36) [5]
(0.001:uncap-cap b37) [5]
(0.001:uncap-cap b38) [5]
(0.001:uncap-cap b39) [5]
(0.001:uncap-cap b4) [5]
(0.001:uncap-cap b40) [5]
(0.001:uncap-cap b41) [5]
(0.001:uncap-cap b42) [5]
(0.001:uncap-cap b43) [5]
(0.001:uncap-cap b44) [5]
(0.001:uncap-cap b45) [5]
(0.001:uncap-cap b46) [5]
(0.001:uncap-cap b47) [5]
(0.001:uncap-cap b48) [5]
(0.001:uncap-cap b49) [5]
(0.001:uncap-cap b5) [5]
(0.001:uncap-cap b50) [5]
(0.001:uncap-cap b6) [5]
(0.001:uncap-cap b7) [5]
(0.001:uncap-cap b8) [5]
(0.001:uncap-cap b9) [5]
(0.002:pour b1 b30) [1]
(0.002:pour b10 b26) [1]
(0.002:pour b12 b27) [1]
(0.002:pour b13 b34) [1]
(0.002:pour b14 b28) [1]
(0.002:pour b15 b27) [1]
(0.002:pour b16 b26) [1]
(0.002:pour b17 b29) [1]
(0.002:pour b18 b32) [1]
(0.002:pour b19 b27) [1]
(0.002:pour b2 b31) [1]
(0.002:pour b20 b27) [1]
(0.002:pour b21 b32) [1]
(0.002:pour b22 b28) [1]
(0.002:pour b23 b27) [1]
(0.002:pour b24 b27) [1]
(0.002:pour b25 b26) [1]
(0.002:pour b3 b27) [1]
(0.002:pour b4 b26) [1]
(0.002:pour b5 b29) [1]
(0.002:pour b6 b27) [1]
(0.002:pour b7 b40) [1]
(0.002:pour b8 b26) [1]
(0.002:pour b9 b31) [1]
(0.003:pour b1 b31) [1]
(0.003:pour b15 b28) [1]
(0.003:pour b16 b33) [1]
(0.003:pour b18 b38) [1]
(0.003:pour b19 b29) [1]
(0.003:pour b24 b29) [1]
(0.003:pour b25 b32) [1]
(0.003:pour b3 b35) [1]
(0.003:pour b4 b29) [1]
(0.003:pour b6 b35) [1]
(0.003:pour b7 b42) [1]
(0.004:pour b1 b32) [1]
(0.004:pour b16 b36) [1]
(0.004:pour b18 b42) [1]
(0.004:pour b19 b34) [1]
(0.004:pour b24 b33) [1]
(0.004:pour b25 b37) [1]
(0.004:pour b3 b36) [1]
(0.004:pour b4 b30) [1]
(0.004:pour b7 b43) [1]
(0.005:pour b1 b39) [1]
(0.005:pour b16 b37) [1]
(0.005:pour b18 b48) [1]
(0.005:pour b24 b36) [1]
(0.005:pour b3 b37) [1]
(0.005:pour b4 b32) [1]
(0.005:pour b7 b46) [1]
(0.006:pour b16 b43) [1]
(0.006:pour b18 b49) [1]
(0.006:pour b24 b38) [1]
(0.997:pour b11 b26) [1]
(0.998:pour b11 b40) [1]
(0.998:pour b12 b28) [1]
(0.998:pour b14 b29) [1]
(0.99875:pour b4 b36) [1]
(0.999:pour b11 b45) [1]
(0.999:pour b12 b30) [1]
(0.999:pour b14 b34) [1]
(0.999:pour b15 b31) [1]
(0.999:pour b6 b37) [1]
(0.99975:pour b4 b37) [1]
(1:pour b11 b46) [1]
(1:pour b12 b36) [1]
(1:pour b14 b37) [1]
(1:pour b15 b33) [1]
(1:pour b6 b41) [1]
(1.00075:pour b4 b38) [1]
(1.001:pour b1 b40) [1]
(1.001:pour b11 b47) [1]
(1.001:pour b14 b40) [1]
(1.001:pour b3 b38) [1]
(1.001:pour b6 b45) [1]
(1.00175:pour b4 b44) [1]
(1.002:pour b10 b26) [1]
(1.002:pour b13 b35) [1]
(1.002:pour b17 b33) [1]
(1.002:pour b2 b31) [1]
(1.002:pour b20 b28) [1]
(1.002:pour b21 b32) [1]
(1.002:pour b22 b30) [1]
(1.002:pour b23 b28) [1]
(1.002:pour b5 b29) [1]
(1.002:pour b8 b30) [1]
(1.002:pour b9 b31) [1]
(1.003:pour b17 b36) [1]
(1.004:pour b17 b38) [1]
(1.004:pour b19 b35) [1]
(1.004:pour b25 b39) [1]
(1.005:pour b7 b47) [1]
(1.006:pour b16 b44) [1]
(1.006:pour b24 b41) [1]
(2:pour b12 b38) [1]
(2:pour b15 b34) [1]
(2:pour b17 b39) [1]
(2.001:pour b1 b43) [1]
(2.001:pour b11 b49) [1]
(2.001:pour b12 b42) [1]
(2.001:pour b14 b48) [1]
(2.001:pour b17 b43) [1]
(2.001:pour b18 b50) [1]
(2.001:pour b3 b45) [1]
(2.001:pour b6 b46) [1]
(2.002:pour b10 b26) [1]
(2.002:pour b13 b35) [1]
(2.002:pour b2 b31) [1]
(2.002:pour b20 b28) [1]
(2.002:pour b21 b33) [1]
(2.002:pour b22 b32) [1]
(2.002:pour b23 b28) [1]
(2.002:pour b5 b29) [1]
(2.002:pour b8 b30) [1]
(2.002:pour b9 b37) [1]
(2.003:pour b22 b33) [1]
(2.003:pour b9 b40) [1]
(2.004:pour b19 b35) [1]
(2.004:pour b25 b39) [1]
(2.005:pour b7 b47) [1]
(2.006:pour b16 b44) [1]
(2.006:pour b24 b41) [1]
(2.99875:pour b22 b38) [1]
(2.99975:pour b22 b41) [1]
(3:pour b15 b34) [1]
(3.00075:pour b21 b35) [1]
(3.00075:pour b22 b42) [1]
(3.001:pour b1 b43) [1]
(3.001:pour b11 b49) [1]
(3.001:pour b12 b44) [1]
(3.001:pour b14 b48) [1]
(3.001:pour b17 b46) [1]
(3.001:pour b18 b50) [1]
(3.001:pour b3 b45) [1]
(3.001:pour b6 b46) [1]
(3.00175:pour b21 b38) [1]
(3.00175:pour b22 b49) [1]
(3.002:pour b10 b30) [1]
(3.002:pour b2 b35) [1]
(3.002:pour b20 b32) [1]
(3.002:pour b23 b30) [1]
(3.002:pour b5 b42) [1]
(3.002:pour b8 b33) [1]
(3.00275:pour b21 b45) [1]
(3.003:pour b10 b31) [1]
(3.003:pour b2 b39) [1]
(3.003:pour b20 b34) [1]
(3.003:pour b5 b45) [1]
(3.003:pour b8 b41) [1]
(3.003:pour b9 b43) [1]
(3.00375:pour b21 b47) [1]
(3.004:pour b10 b34) [1]
(3.004:pour b19 b40) [1]
(3.004:pour b2 b40) [1]
(3.004:pour b20 b36) [1]
(3.004:pour b25 b42) [1]
(3.004:pour b5 b46) [1]
(3.004:pour b8 b43) [1]
(3.004:pour b9 b44) [1]
(3.005:pour b10 b47) [1]
(3.005:pour b19 b42) [1]
(3.005:pour b2 b47) [1]
(3.005:pour b20 b39) [1]
(3.005:pour b25 b47) [1]
(3.005:pour b7 b49) [1]
(3.006:pour b10 b48) [1]
(3.006:pour b16 b49) [1]
(3.006:pour b7 b50) [1]
(3.006:pour b24 b41) [1]
(3.997:pour b13 b37) [1]
(3.998:pour b13 b39) [1]
(3.998:pour b23 b33) [1]
(3.999:pour b13 b40) [1]
(3.999:pour b23 b34) [1]
(4:pour b13 b41) [1]
(4:pour b15 b47) [1]
(4:pour b23 b36) [1]
(4:pour b5 b49) [1]
(4:pour b8 b44) [1]
(4:pour b9 b45) [1]
(4.0005:pour b21 b50) [1]
(4.001:pour b1 b43) [1]
(4.001:pour b12 b44) [1]
(4.001:pour b18 b50) [1]
(4.001:pour b3 b45) [1]
(4.001:pour b6 b46) [1]
(4.001:pour b11 b50) [1]
(4.001:pour b13 b42) [1]
(4.001:pour b14 b49) [1]
(4.001:pour b15 b50) [1]
(4.001:pour b17 b48) [1]
(4.001:pour b19 b44) [1]
(4.001:pour b2 b48) [1]
(4.001:pour b20 b41) [1]
(4.001:pour b23 b39) [1]
(4.001:pour b25 b48) [1]
(4.001:pour b5 b50) [1]
(4.001:pour b8 b48) [1]
(4.001:pour b9 b46) [1]

------
Max Rolling: 0
Distinct Actions: 220
------
Plan is valid
Grounding: 428ms
Overall: 127621ms

